2025-04-30 21:45:11,933 - INFO - Use pytorch device_name: mps
2025-04-30 21:45:11,933 - INFO - Load pretrained SentenceTransformer: all-MiniLM-L6-v2
2025-04-30 21:45:37,929 - INFO - Use pytorch device_name: mps
2025-04-30 21:45:37,929 - INFO - Load pretrained SentenceTransformer: all-MiniLM-L6-v2
2025-04-30 21:45:42,463 - INFO - Starting data scraping...
2025-04-30 21:45:42,464 - ERROR - Error during scraping: 'RestaurantScraper' object has no attribute 'scrape_restaurants'
2025-04-30 21:46:20,568 - INFO - Use pytorch device_name: mps
2025-04-30 21:46:20,569 - INFO - Load pretrained SentenceTransformer: all-MiniLM-L6-v2
2025-04-30 21:46:24,872 - INFO - Starting data scraping...
2025-04-30 21:46:24,872 - INFO - Scraping https://www.zomato.com/bangalore/vegan-hub-indiranagar
2025-04-30 21:46:25,201 - WARNING - Scraping not allowed for https://www.zomato.com/bangalore/vegan-hub-indiranagar
2025-04-30 21:46:25,201 - INFO - Scraping https://www.zomato.com/bangalore/vegan-hub-koramangala
2025-04-30 21:46:25,554 - WARNING - Scraping not allowed for https://www.zomato.com/bangalore/vegan-hub-koramangala
2025-04-30 21:46:25,554 - INFO - Scraping https://www.zomato.com/bangalore/vegan-hub-hsr-layout
2025-04-30 21:46:25,810 - WARNING - Scraping not allowed for https://www.zomato.com/bangalore/vegan-hub-hsr-layout
2025-04-30 21:46:25,810 - INFO - Scraping https://www.zomato.com/bangalore/vegan-hub-whitefield
2025-04-30 21:46:26,091 - WARNING - Scraping not allowed for https://www.zomato.com/bangalore/vegan-hub-whitefield
2025-04-30 21:46:26,092 - INFO - Scraping https://www.zomato.com/bangalore/vegan-hub-electronic-city
2025-04-30 21:46:26,357 - WARNING - Scraping not allowed for https://www.zomato.com/bangalore/vegan-hub-electronic-city
2025-04-30 21:46:26,358 - INFO - Scraped data for 0 restaurants
2025-04-30 21:46:26,358 - INFO - Processing data into knowledge base...
2025-04-30 21:46:26,358 - ERROR - Error processing knowledge base: No documents to index. Process data first.
2025-04-30 21:47:53,712 - INFO - Use pytorch device_name: mps
2025-04-30 21:47:53,712 - INFO - Load pretrained SentenceTransformer: all-MiniLM-L6-v2
2025-04-30 21:47:58,690 - INFO - Creating sample restaurant data...
2025-04-30 21:47:58,695 - INFO - Saved sample data to data/restaurants.json
2025-04-30 21:47:58,695 - INFO - Processing data into knowledge base...
2025-04-30 21:48:02,300 - INFO - Saved knowledge base to data/knowledge_base
2025-04-30 21:48:02,300 - INFO - Setting up RAG model...
2025-04-30 21:48:02,301 - INFO - RAG model setup complete
2025-04-30 21:48:02,301 - INFO - Pipeline completed successfully
2025-04-30 21:48:46,500 - INFO - Use pytorch device_name: mps
2025-04-30 21:48:46,500 - INFO - Load pretrained SentenceTransformer: all-MiniLM-L6-v2
2025-04-30 21:48:51,480 - INFO - Loading existing knowledge base...
2025-04-30 21:48:51,489 - INFO - Setting up RAG model...
2025-04-30 21:48:51,490 - INFO - RAG model setup complete
2025-04-30 21:48:56,037 - INFO - Use pytorch device_name: mps
2025-04-30 21:48:56,038 - INFO - Load pretrained SentenceTransformer: all-MiniLM-L6-v2
2025-04-30 21:49:00,377 - INFO - Loading existing knowledge base...
2025-04-30 21:49:00,380 - INFO - Setting up RAG model...
2025-04-30 21:49:00,381 - INFO - RAG model setup complete
2025-04-30 21:49:00,602 - INFO - Use pytorch device_name: mps
2025-04-30 21:49:00,602 - INFO - Load pretrained SentenceTransformer: all-MiniLM-L6-v2
2025-04-30 21:49:04,130 - INFO - Loading existing knowledge base...
2025-04-30 21:49:04,131 - INFO - Setting up RAG model...
2025-04-30 21:49:04,131 - INFO - RAG model setup complete
2025-04-30 21:49:14,799 - INFO - Use pytorch device_name: mps
2025-04-30 21:49:14,800 - INFO - Load pretrained SentenceTransformer: all-MiniLM-L6-v2
2025-04-30 21:49:19,829 - INFO - Loading existing knowledge base...
2025-04-30 21:49:19,831 - INFO - Setting up RAG model...
2025-04-30 21:49:19,831 - INFO - RAG model setup complete
2025-04-30 21:53:26,517 - INFO - Use pytorch device_name: mps
2025-04-30 21:53:26,518 - INFO - Load pretrained SentenceTransformer: all-MiniLM-L6-v2
2025-04-30 21:53:31,160 - INFO - Loading existing knowledge base...
2025-04-30 21:53:31,168 - INFO - Setting up RAG model...
2025-04-30 21:53:31,168 - INFO - RAG model setup complete
2025-04-30 21:53:35,256 - INFO - Use pytorch device_name: mps
2025-04-30 21:53:35,257 - INFO - Load pretrained SentenceTransformer: all-MiniLM-L6-v2
2025-04-30 21:53:39,725 - INFO - Loading existing knowledge base...
2025-04-30 21:53:39,731 - INFO - Setting up RAG model...
2025-04-30 21:53:39,731 - INFO - RAG model setup complete
2025-04-30 21:54:12,293 - INFO - Use pytorch device_name: mps
2025-04-30 21:54:12,294 - INFO - Load pretrained SentenceTransformer: all-MiniLM-L6-v2
2025-04-30 21:54:16,018 - INFO - Loading existing knowledge base...
2025-04-30 21:54:16,020 - INFO - Setting up RAG model...
2025-04-30 21:54:16,020 - INFO - RAG model setup complete
2025-04-30 21:54:18,644 - INFO - Use pytorch device_name: mps
2025-04-30 21:54:18,645 - INFO - Load pretrained SentenceTransformer: all-MiniLM-L6-v2
2025-04-30 21:54:24,803 - INFO - Loading existing knowledge base...
2025-04-30 21:54:24,805 - INFO - Setting up RAG model...
2025-04-30 21:54:24,805 - INFO - RAG model setup complete
2025-04-30 21:54:39,352 - INFO - Use pytorch device_name: mps
2025-04-30 21:54:39,353 - INFO - Load pretrained SentenceTransformer: all-MiniLM-L6-v2
2025-04-30 21:54:43,358 - INFO - Loading existing knowledge base...
2025-04-30 21:54:43,359 - INFO - Setting up RAG model...
2025-04-30 21:54:43,359 - INFO - RAG model setup complete
2025-04-30 21:56:51,590 - INFO - Use pytorch device_name: mps
2025-04-30 21:56:51,593 - INFO - Load pretrained SentenceTransformer: all-MiniLM-L6-v2
2025-04-30 21:56:55,134 - INFO - Loading existing knowledge base...
2025-04-30 21:56:55,143 - INFO - Setting up RAG model...
2025-04-30 21:56:55,143 - INFO - RAG model setup complete
2025-04-30 21:59:06,771 - INFO - Use pytorch device_name: mps
2025-04-30 21:59:06,772 - INFO - Load pretrained SentenceTransformer: all-MiniLM-L6-v2
2025-04-30 21:59:10,569 - INFO - Loading existing knowledge base...
2025-04-30 21:59:10,578 - INFO - Setting up RAG model...
2025-04-30 21:59:10,579 - INFO - RAG model setup complete
2025-04-30 22:23:57,488 - INFO - Use pytorch device_name: mps
2025-04-30 22:23:57,489 - INFO - Load pretrained SentenceTransformer: all-MiniLM-L6-v2
2025-04-30 22:24:01,556 - INFO - Loading existing knowledge base...
2025-04-30 22:24:01,567 - INFO - Setting up RAG model...
2025-04-30 22:24:01,567 - INFO - RAG model setup complete
2025-04-30 22:24:14,510 - INFO - Use pytorch device_name: mps
2025-04-30 22:24:14,511 - INFO - Load pretrained SentenceTransformer: all-MiniLM-L6-v2
2025-04-30 22:24:15,097 - INFO - Use pytorch device_name: mps
2025-04-30 22:24:15,097 - INFO - Load pretrained SentenceTransformer: all-MiniLM-L6-v2
2025-04-30 22:24:18,953 - INFO - Loading existing knowledge base...
2025-04-30 22:24:18,954 - INFO - Loading existing knowledge base...
2025-04-30 22:24:18,955 - INFO - Setting up RAG model...
2025-04-30 22:24:18,955 - INFO - Setting up RAG model...
2025-04-30 22:24:18,956 - INFO - RAG model setup complete
2025-04-30 22:24:18,956 - INFO - RAG model setup complete
2025-04-30 22:24:19,129 - INFO - Use pytorch device_name: mps
2025-04-30 22:24:19,130 - INFO - Load pretrained SentenceTransformer: all-MiniLM-L6-v2
2025-04-30 22:24:23,084 - INFO - Loading existing knowledge base...
2025-04-30 22:24:23,085 - INFO - Setting up RAG model...
2025-04-30 22:24:23,085 - INFO - RAG model setup complete
2025-04-30 22:25:22,365 - INFO - Use pytorch device_name: mps
2025-04-30 22:25:22,366 - INFO - Load pretrained SentenceTransformer: all-MiniLM-L6-v2
2025-04-30 22:25:25,815 - INFO - Loading existing knowledge base...
2025-04-30 22:25:25,824 - INFO - Setting up RAG model...
2025-04-30 22:25:25,825 - INFO - RAG model setup complete
2025-04-30 22:26:05,070 - INFO - Use pytorch device_name: mps
2025-04-30 22:26:05,070 - INFO - Load pretrained SentenceTransformer: all-MiniLM-L6-v2
2025-04-30 22:26:09,567 - INFO - Loading existing knowledge base...
2025-04-30 22:26:09,570 - INFO - Setting up RAG model...
2025-04-30 22:26:09,570 - INFO - RAG model setup complete
2025-04-30 22:26:09,570 - INFO - Using existing knowledge base
2025-04-30 22:26:22,406 - INFO - Use pytorch device_name: mps
2025-04-30 22:26:22,406 - INFO - Load pretrained SentenceTransformer: all-MiniLM-L6-v2
2025-04-30 22:26:28,200 - INFO - Loading existing knowledge base...
2025-04-30 22:26:28,202 - INFO - Setting up RAG model...
2025-04-30 22:26:28,202 - INFO - RAG model setup complete
2025-04-30 22:26:31,395 - INFO - Use pytorch device_name: mps
2025-04-30 22:26:31,396 - INFO - Load pretrained SentenceTransformer: all-MiniLM-L6-v2
2025-04-30 22:26:34,663 - INFO - Loading existing knowledge base...
2025-04-30 22:26:34,665 - INFO - Setting up RAG model...
2025-04-30 22:26:34,665 - INFO - RAG model setup complete
2025-04-30 22:26:34,862 - INFO - Use pytorch device_name: mps
2025-04-30 22:26:34,862 - INFO - Load pretrained SentenceTransformer: all-MiniLM-L6-v2
2025-04-30 22:26:38,602 - INFO - Loading existing knowledge base...
2025-04-30 22:26:38,603 - INFO - Setting up RAG model...
2025-04-30 22:26:38,603 - INFO - RAG model setup complete
2025-04-30 22:26:44,513 - INFO - Use pytorch device_name: mps
2025-04-30 22:26:44,513 - INFO - Load pretrained SentenceTransformer: all-MiniLM-L6-v2
2025-04-30 22:26:49,234 - INFO - Loading existing knowledge base...
2025-04-30 22:26:49,238 - INFO - Setting up RAG model...
2025-04-30 22:26:49,238 - INFO - RAG model setup complete
2025-04-30 22:45:24,383 - INFO - Use pytorch device_name: mps
2025-04-30 22:45:24,384 - INFO - Load pretrained SentenceTransformer: all-MiniLM-L6-v2
2025-04-30 22:46:38,971 - INFO - Use pytorch device_name: mps
2025-04-30 22:46:38,972 - INFO - Load pretrained SentenceTransformer: all-MiniLM-L6-v2
2025-04-30 22:49:08,377 - INFO - Use pytorch device_name: mps
2025-04-30 22:49:08,377 - INFO - Load pretrained SentenceTransformer: all-MiniLM-L6-v2
2025-04-30 22:50:19,551 - INFO - Use pytorch device_name: mps
2025-04-30 22:50:19,552 - INFO - Load pretrained SentenceTransformer: all-MiniLM-L6-v2
